
> temp_app@0.0.0 build
> tsc -b && vite build

src/features/courses/CoursesHub.tsx(13,73): error TS6133: 'onCourseSelect' is declared but its value is never read.
src/features/courses/CoursesHub.tsx(15,23): error TS6133: 'isProcessing' is declared but its value is never read.
src/features/courses/CoursesHub.tsx(16,12): error TS6133: 'activeCourseId' is declared but its value is never read.
src/features/courses/CoursesHub.tsx(16,28): error TS6133: 'setActiveCourseId' is declared but its value is never read.
src/features/courses/CoursesHub.tsx(19,11): error TS6133: 'isWisdomAuthorized' is declared but its value is never read.
src/features/courses/CoursesHub.tsx(21,11): error TS6133: 'handleUnlock' is declared but its value is never read.
src/features/courses/WisdomUntetheredCourse.tsx(75,9): error TS6133: 'currentContent' is declared but its value is never read.
src/features/stats/PracticeLedger.tsx(1,8): error TS6133: 'React' is declared but its value is never read.
