
> awakened-path@0.0.0 build
> tsc -b && vite build

src/features/courses/WisdomUntetheredCourse.tsx(288,68): error TS2322: Type '(() => void) | undefined' is not assignable to type '() => void'.
  Type 'undefined' is not assignable to type '() => void'.
src/features/courses/WisdomUntetheredCourse.tsx(289,68): error TS2322: Type '(() => void) | undefined' is not assignable to type '() => void'.
  Type 'undefined' is not assignable to type '() => void'.
src/features/journal/components/MoodGrid.tsx(1,8): error TS6133: 'React' is declared but its value is never read.
src/features/journal/components/MoodGrid.tsx(50,9): error TS6133: 'mode' is declared but its value is never read.
src/features/journal/components/MoodGrid.tsx(120,17): error TS6133: 'isFocused' is declared but its value is never read.
src/features/journal/components/MoodGrid.tsx(134,17): error TS2353: Object literal may only specify known properties, and 'ringColor' does not exist in type 'MotionStyle'.
